============================= test session starts =============================
platform win32 -- Python 3.12.3, pytest-7.4.4, pluggy-1.0.0
rootdir: C:\Users\JAYAN\Downloads\tancam\Trade-Data
plugins: anyio-4.2.0, Faker-37.8.0
collected 4 items / 1 error

=================================== ERRORS ====================================
__________________ ERROR collecting tests/test_nlp_query.py ___________________
ImportError while importing test module 'C:\Users\JAYAN\Downloads\tancam\Trade-Data\tests\test_nlp_query.py'.
Hint: make sure your test modules/packages have valid Python names.
Traceback:
..\..\..\anaconda3\Lib\importlib\__init__.py:90: in import_module
    return _bootstrap._gcd_import(name[level:], package, level)
tests\test_nlp_query.py:2: in <module>
    from ml.nlp_query import extract_intent_entities
E   ImportError: cannot import name 'extract_intent_entities' from 'ml.nlp_query' (C:\Users\JAYAN\Downloads\tancam\Trade-Data\ml\nlp_query.py)
=========================== short test summary info ===========================
ERROR tests/test_nlp_query.py
!!!!!!!!!!!!!!!!!!! Interrupted: 1 error during collection !!!!!!!!!!!!!!!!!!!!
============================== 1 error in 7.52s ===============================
